[LOG] Using config file: /home/afhh/.config/hypr/hypridle.conf
[LOG] Registered timeout rule for 540s:
      on-timeout: notify-send -i "/home/afhh/.config/swaync/images/ja.png" " You are idle!"
      on-resume: notify-send -i "/home/afhh/.config/swaync/images/ja.png" " Oh! you're Back" " Hello !!!"
      ignore_inhibit: false
      condition_cmd: 
      condition_retry: 0
[LOG] Registered timeout rule for 600s:
      on-timeout: loginctl lock-session
      on-resume: 
      ignore_inhibit: false
      condition_cmd: 
      condition_retry: 0
[LOG]   | got iface: wl_seat v9
[LOG]    > Bound to wl_seat v9
[LOG]   | got iface: wl_data_device_manager v3
[LOG]   | got iface: wl_compositor v6
[LOG]   | got iface: wl_subcompositor v1
[LOG]   | got iface: wl_shm v2
[LOG]   | got iface: wp_viewporter v1
[LOG]   | got iface: wp_tearing_control_manager_v1 v1
[LOG]   | got iface: wp_fractional_scale_manager_v1 v1
[LOG]   | got iface: zxdg_output_manager_v1 v3
[LOG]   | got iface: wp_cursor_shape_manager_v1 v2
[LOG]   | got iface: zwp_idle_inhibit_manager_v1 v1
[LOG]   | got iface: zwp_relative_pointer_manager_v1 v1
[LOG]   | got iface: zxdg_decoration_manager_v1 v2
[LOG]   | got iface: wp_alpha_modifier_v1 v1
[LOG]   | got iface: zwlr_gamma_control_manager_v1 v1
[LOG]   | got iface: ext_foreign_toplevel_list_v1 v1
[LOG]   | got iface: zwp_pointer_gestures_v1 v3
[LOG]   | got iface: zwlr_foreign_toplevel_manager_v1 v3
[LOG]   | got iface: zwp_keyboard_shortcuts_inhibit_manager_v1 v1
[LOG]   | got iface: zwp_text_input_manager_v1 v1
[LOG]   | got iface: zwp_text_input_manager_v3 v1
[LOG]   | got iface: zwp_pointer_constraints_v1 v1
[LOG]   | got iface: zwlr_output_power_manager_v1 v1
[LOG]   | got iface: xdg_activation_v1 v1
[LOG]   | got iface: ext_idle_notifier_v1 v2
[LOG]    > Bound to ext_idle_notifier_v1 v2
[LOG]   | got iface: hyprland_lock_notifier_v1 v1
[LOG]    > Bound to hyprland_lock_notifier_v1 v1
[LOG]   | got iface: ext_session_lock_manager_v1 v1
[LOG]   | got iface: zwp_input_method_manager_v2 v1
[LOG]   | got iface: zwp_virtual_keyboard_manager_v1 v1
[LOG]   | got iface: zwlr_virtual_pointer_manager_v1 v2
[LOG]   | got iface: zwlr_output_manager_v1 v4
[LOG]   | got iface: org_kde_kwin_server_decoration_manager v1
[LOG]   | got iface: hyprland_focus_grab_manager_v1 v1
[LOG]   | got iface: zwp_tablet_manager_v2 v1
[LOG]   | got iface: zwlr_layer_shell_v1 v5
[LOG]   | got iface: wp_presentation v2
[LOG]   | got iface: xdg_wm_base v7
[LOG]   | got iface: zwlr_data_control_manager_v1 v2
[LOG]   | got iface: zwp_primary_selection_device_manager_v1 v1
[LOG]   | got iface: xwayland_shell_v1 v1
[LOG]   | got iface: hyprland_toplevel_mapping_manager_v1 v1
[LOG]   | got iface: hyprland_global_shortcuts_manager_v1 v1
[LOG]   | got iface: xdg_wm_dialog_v1 v1
[LOG]   | got iface: wp_single_pixel_buffer_manager_v1 v1
[LOG]   | got iface: wp_security_context_manager_v1 v1
[LOG]   | got iface: hyprland_ctm_control_manager_v1 v2
[LOG]   | got iface: hyprland_input_capture_manager_v1 v1
[LOG]   | got iface: hyprland_surface_manager_v1 v2
[LOG]   | got iface: wp_content_type_manager_v1 v1
[LOG]   | got iface: xdg_toplevel_tag_manager_v1 v1
[LOG]   | got iface: xdg_system_bell_v1 v1
[LOG]   | got iface: vicinae_hotkey_manager_v1 v1
[LOG]   | got iface: ext_workspace_manager_v1 v1
[LOG]   | got iface: ext_data_control_manager_v1 v1
[LOG]   | got iface: wp_pointer_warp_v1 v1
[LOG]   | got iface: wp_fifo_manager_v1 v1
[LOG]   | got iface: zxdg_exporter_v2 v1
[LOG]   | got iface: zxdg_importer_v2 v1
[LOG]   | got iface: ext_background_effect_manager_v1 v1
[LOG]   | got iface: wp_commit_timing_manager_v1 v1
[LOG]   | got iface: zwlr_screencopy_manager_v1 v3
[LOG]   | got iface: hyprland_toplevel_export_manager_v1 v2
[LOG]   | got iface: ext_output_image_capture_source_manager_v1 v1
[LOG]   | got iface: ext_foreign_toplevel_image_capture_source_manager_v1 v1
[LOG]   | got iface: ext_image_copy_capture_manager_v1 v1
[LOG]   | got iface: wp_color_manager_v1 v3
[LOG]   | got iface: wp_drm_lease_device_v1 v1
[LOG]   | got iface: wp_linux_drm_syncobj_manager_v1 v1
[LOG]   | got iface: wl_drm v2
[LOG]   | got iface: zwp_linux_dmabuf_v1 v5
[LOG]   | got iface: wl_output v4
[LOG]   | got iface: wl_output v4
[LOG] found 2 rules
[LOG] wayland done, registering dbus
[LOG] Sleep inhibition enabled - inhibiting until the wayland session gets locked
[LOG] Using dbus path /org/freedesktop/login1/session/_33
[LOG] Inhibited sleep with fd 10
[WARN] No cookie in uninhibit
[LOG] ScreenSaver inhibit: false dbus message from  (owner: :1.27) with content 
[LOG] ScreenSaver inhibit: true dbus message from  (owner: :1.27) with content Playing audio
[LOG] Inhibit locks: 1
[LOG] Cookie 1337 sent
[LOG] ScreenSaver inhibit: false dbus message from  (owner: :1.27) with content Playing audio
[LOG] Inhibit locks: 0
[LOG] ScreenSaver inhibit: true dbus message from  (owner: :1.27) with content Playing audio
[LOG] Inhibit locks: 1
[LOG] Cookie 1338 sent
[LOG] ScreenSaver inhibit: false dbus message from  (owner: :1.27) with content Playing audio
[LOG] Inhibit locks: 0
[LOG] ScreenSaver inhibit: true dbus message from  (owner: :1.27) with content Playing audio
[LOG] Inhibit locks: 1
[LOG] Cookie 1339 sent
[LOG] ScreenSaver inhibit: false dbus message from  (owner: :1.27) with content Playing audio
[LOG] Inhibit locks: 0
[LOG] ScreenSaver inhibit: true dbus message from  (owner: :1.27) with content Playing audio
[LOG] Inhibit locks: 1
[LOG] Cookie 1340 sent
[LOG] ScreenSaver inhibit: false dbus message from  (owner: :1.27) with content Playing audio
[LOG] Inhibit locks: 0
[LOG] ScreenSaver inhibit: true dbus message from  (owner: :1.27) with content Playing audio
[LOG] Inhibit locks: 1
[LOG] Cookie 1341 sent
[LOG] ScreenSaver inhibit: false dbus message from  (owner: :1.27) with content Playing audio
[LOG] Inhibit locks: 0
[LOG] ScreenSaver inhibit: true dbus message from  (owner: :1.27) with content Playing audio
[LOG] Inhibit locks: 1
[LOG] Cookie 1342 sent
[LOG] ScreenSaver inhibit: false dbus message from  (owner: :1.27) with content Playing audio
[LOG] Inhibit locks: 0
[LOG] ScreenSaver inhibit: true dbus message from  (owner: :1.27) with content Playing audio
[LOG] Inhibit locks: 1
[LOG] Cookie 1343 sent
[LOG] ScreenSaver inhibit: false dbus message from  (owner: :1.27) with content Playing audio
[LOG] Inhibit locks: 0
[LOG] ScreenSaver inhibit: true dbus message from  (owner: :1.27) with content Playing audio
[LOG] Inhibit locks: 1
[LOG] Cookie 1344 sent
[LOG] ScreenSaver inhibit: false dbus message from  (owner: :1.27) with content Playing audio
[LOG] Inhibit locks: 0
[LOG] ScreenSaver inhibit: true dbus message from  (owner: :1.27) with content Playing audio
[LOG] Inhibit locks: 1
[LOG] Cookie 1345 sent
[LOG] ScreenSaver inhibit: false dbus message from  (owner: :1.27) with content Playing audio
[LOG] Inhibit locks: 0
[LOG] ScreenSaver inhibit: true dbus message from  (owner: :1.27) with content Playing audio
[LOG] Inhibit locks: 1
[LOG] Cookie 1346 sent
[LOG] ScreenSaver inhibit: false dbus message from  (owner: :1.27) with content Playing audio
[LOG] Inhibit locks: 0
[LOG] ScreenSaver inhibit: true dbus message from  (owner: :1.27) with content Playing audio
[LOG] Inhibit locks: 1
[LOG] Cookie 1347 sent
[LOG] ScreenSaver inhibit: false dbus message from  (owner: :1.27) with content Playing audio
[LOG] Inhibit locks: 0
[LOG] ScreenSaver inhibit: true dbus message from  (owner: :1.27) with content Playing audio
[LOG] Inhibit locks: 1
[LOG] Cookie 1348 sent
[LOG] ScreenSaver inhibit: false dbus message from  (owner: :1.27) with content Playing audio
[LOG] Inhibit locks: 0
[LOG] ScreenSaver inhibit: true dbus message from  (owner: :1.27) with content Playing audio
[LOG] Inhibit locks: 1
[LOG] Cookie 1349 sent
[LOG] ScreenSaver inhibit: false dbus message from  (owner: :1.27) with content Playing audio
[LOG] Inhibit locks: 0
[LOG] ScreenSaver inhibit: true dbus message from  (owner: :1.27) with content Playing video
[LOG] Inhibit locks: 1
[LOG] Cookie 1350 sent
[LOG] ScreenSaver inhibit: false dbus message from  (owner: :1.27) with content Playing video
[LOG] Inhibit locks: 0
[LOG] ScreenSaver inhibit: true dbus message from  (owner: :1.27) with content Playing video
[LOG] Inhibit locks: 1
[LOG] Cookie 1351 sent
[LOG] ScreenSaver inhibit: false dbus message from  (owner: :1.27) with content Playing video
[LOG] Inhibit locks: 0
[LOG] ScreenSaver inhibit: true dbus message from  (owner: :1.27) with content Playing video
[LOG] Inhibit locks: 1
[LOG] Cookie 1352 sent
[LOG] ScreenSaver inhibit: false dbus message from  (owner: :1.27) with content Playing video
[LOG] Inhibit locks: 0
[LOG] ScreenSaver inhibit: true dbus message from  (owner: :1.27) with content Playing video
[LOG] Inhibit locks: 1
[LOG] Cookie 1353 sent
[LOG] ScreenSaver inhibit: false dbus message from  (owner: :1.27) with content Playing video
[LOG] Inhibit locks: 0
[LOG] ScreenSaver inhibit: true dbus message from  (owner: :1.27) with content Playing video
[LOG] Inhibit locks: 1
[LOG] Cookie 1354 sent
[LOG] ScreenSaver inhibit: false dbus message from  (owner: :1.27) with content Playing video
[LOG] Inhibit locks: 0
[LOG] ScreenSaver inhibit: true dbus message from  (owner: :1.27) with content Playing video
[LOG] Inhibit locks: 1
[LOG] Cookie 1355 sent
[LOG] ScreenSaver inhibit: false dbus message from  (owner: :1.27) with content Playing video
[LOG] Inhibit locks: 0
[LOG] ScreenSaver inhibit: true dbus message from  (owner: :1.27) with content Playing audio
[LOG] Inhibit locks: 1
[LOG] Cookie 1356 sent
[LOG] ScreenSaver inhibit: true dbus message from  (owner: :1.27) with content Playing video
[LOG] Inhibit locks: 2
[LOG] Cookie 1357 sent
[LOG] ScreenSaver inhibit: false dbus message from  (owner: :1.27) with content Playing video
[LOG] Inhibit locks: 1
[LOG] ScreenSaver inhibit: false dbus message from  (owner: :1.27) with content Playing audio
[LOG] Inhibit locks: 0
[LOG] ScreenSaver inhibit: true dbus message from  (owner: :1.27) with content Playing video
[LOG] Inhibit locks: 1
[LOG] Cookie 1358 sent
[LOG] ScreenSaver inhibit: false dbus message from  (owner: :1.27) with content Playing video
[LOG] Inhibit locks: 0
[LOG] ScreenSaver inhibit: true dbus message from  (owner: :1.27) with content Playing video
[LOG] Inhibit locks: 1
[LOG] Cookie 1359 sent
[LOG] ScreenSaver inhibit: false dbus message from  (owner: :1.27) with content Playing video
[LOG] Inhibit locks: 0
[LOG] ScreenSaver inhibit: true dbus message from  (owner: :1.27) with content Playing video
[LOG] Inhibit locks: 1
[LOG] Cookie 1360 sent
[LOG] ScreenSaver inhibit: true dbus message from  (owner: :1.27) with content Playing audio
[LOG] Inhibit locks: 2
[LOG] Cookie 1361 sent
[LOG] ScreenSaver inhibit: false dbus message from  (owner: :1.27) with content Playing video
[LOG] Inhibit locks: 1
[LOG] ScreenSaver inhibit: true dbus message from  (owner: :1.27) with content Playing video
[LOG] Inhibit locks: 2
[LOG] Cookie 1362 sent
[LOG] ScreenSaver inhibit: false dbus message from  (owner: :1.27) with content Playing video
[LOG] Inhibit locks: 1
[LOG] ScreenSaver inhibit: true dbus message from  (owner: :1.27) with content Playing video
[LOG] Inhibit locks: 2
[LOG] Cookie 1363 sent
[LOG] ScreenSaver inhibit: false dbus message from  (owner: :1.27) with content Playing audio
[LOG] Inhibit locks: 1
[LOG] ScreenSaver inhibit: false dbus message from  (owner: :1.27) with content Playing video
[LOG] Inhibit locks: 0
[LOG] ScreenSaver inhibit: true dbus message from  (owner: :1.27) with content Playing audio
[LOG] Inhibit locks: 1
[LOG] Cookie 1364 sent
[LOG] ScreenSaver inhibit: true dbus message from  (owner: :1.27) with content Playing video
[LOG] Inhibit locks: 2
[LOG] Cookie 1365 sent
[LOG] ScreenSaver inhibit: false dbus message from  (owner: :1.27) with content Playing video
[LOG] Inhibit locks: 1
[LOG] ScreenSaver inhibit: false dbus message from  (owner: :1.27) with content Playing audio
[LOG] Inhibit locks: 0
[LOG] ScreenSaver inhibit: true dbus message from  (owner: :1.27) with content Playing video
[LOG] Inhibit locks: 1
[LOG] Cookie 1366 sent
[LOG] ScreenSaver inhibit: false dbus message from  (owner: :1.27) with content Playing video
[LOG] Inhibit locks: 0
[LOG] ScreenSaver inhibit: true dbus message from  (owner: :1.27) with content Playing video
[LOG] Inhibit locks: 1
[LOG] Cookie 1367 sent
[LOG] ScreenSaver inhibit: false dbus message from  (owner: :1.27) with content Playing video
[LOG] Inhibit locks: 0
[LOG] ScreenSaver inhibit: true dbus message from  (owner: :1.27) with content Playing video
[LOG] Inhibit locks: 1
[LOG] Cookie 1368 sent
[LOG] ScreenSaver inhibit: false dbus message from  (owner: :1.27) with content Playing video
[LOG] Inhibit locks: 0
[LOG] ScreenSaver inhibit: true dbus message from  (owner: :1.27) with content Playing video
[LOG] Inhibit locks: 1
[LOG] Cookie 1369 sent
[LOG] ScreenSaver inhibit: false dbus message from  (owner: :1.27) with content Playing video
[LOG] Inhibit locks: 0
[LOG] ScreenSaver inhibit: true dbus message from  (owner: :1.27) with content Playing video
[LOG] Inhibit locks: 1
[LOG] Cookie 1370 sent
[LOG] ScreenSaver inhibit: false dbus message from  (owner: :1.27) with content Playing video
[LOG] Inhibit locks: 0
[LOG] ScreenSaver inhibit: true dbus message from  (owner: :1.27) with content Playing video
[LOG] Inhibit locks: 1
[LOG] Cookie 1371 sent
[LOG] ScreenSaver inhibit: false dbus message from  (owner: :1.27) with content Playing video
[LOG] Inhibit locks: 0
[LOG] ScreenSaver inhibit: true dbus message from  (owner: :1.27) with content Playing video
[LOG] Inhibit locks: 1
[LOG] Cookie 1372 sent
[LOG] ScreenSaver inhibit: true dbus message from  (owner: :1.27) with content Playing audio
[LOG] Inhibit locks: 2
[LOG] Cookie 1373 sent
[LOG] ScreenSaver inhibit: false dbus message from  (owner: :1.27) with content Playing video
[LOG] Inhibit locks: 1
[LOG] ScreenSaver inhibit: true dbus message from  (owner: :1.27) with content Playing video
[LOG] Inhibit locks: 2
[LOG] Cookie 1374 sent
[LOG] ScreenSaver inhibit: false dbus message from  (owner: :1.27) with content Playing audio
[LOG] Inhibit locks: 1
[LOG] ScreenSaver inhibit: true dbus message from  (owner: :1.27) with content Playing audio
[LOG] Inhibit locks: 2
[LOG] Cookie 1375 sent
[LOG] ScreenSaver inhibit: false dbus message from  (owner: :1.27) with content Playing video
[LOG] Inhibit locks: 1
[LOG] ScreenSaver inhibit: true dbus message from  (owner: :1.27) with content Playing video
[LOG] Inhibit locks: 2
[LOG] Cookie 1376 sent
[LOG] ScreenSaver inhibit: false dbus message from  (owner: :1.27) with content Playing video
[LOG] Inhibit locks: 1
[LOG] ScreenSaver inhibit: true dbus message from  (owner: :1.27) with content Playing video
[LOG] Inhibit locks: 2
[LOG] Cookie 1377 sent
[LOG] ScreenSaver inhibit: false dbus message from  (owner: :1.27) with content Playing video
[LOG] Inhibit locks: 1
[LOG] ScreenSaver inhibit: true dbus message from  (owner: :1.27) with content Playing video
[LOG] Inhibit locks: 2
[LOG] Cookie 1378 sent
[LOG] ScreenSaver inhibit: false dbus message from  (owner: :1.27) with content Playing video
[LOG] Inhibit locks: 1
[LOG] ScreenSaver inhibit: true dbus message from  (owner: :1.27) with content Playing video
[LOG] Inhibit locks: 2
[LOG] Cookie 1379 sent
[LOG] ScreenSaver inhibit: false dbus message from  (owner: :1.27) with content Playing video
[LOG] Inhibit locks: 1
[LOG] ScreenSaver inhibit: true dbus message from  (owner: :1.27) with content Playing video
[LOG] Inhibit locks: 2
[LOG] Cookie 1380 sent
[LOG] ScreenSaver inhibit: false dbus message from  (owner: :1.27) with content Playing video
[LOG] Inhibit locks: 1
[LOG] ScreenSaver inhibit: true dbus message from  (owner: :1.27) with content Playing video
[LOG] Inhibit locks: 2
[LOG] Cookie 1381 sent
[LOG] ScreenSaver inhibit: false dbus message from  (owner: :1.27) with content Playing video
[LOG] Inhibit locks: 1
[LOG] ScreenSaver inhibit: false dbus message from  (owner: :1.27) with content Playing audio
[LOG] Inhibit locks: 0
[LOG] ScreenSaver inhibit: true dbus message from  (owner: :1.27) with content Playing video
[LOG] Inhibit locks: 1
[LOG] Cookie 1382 sent
[LOG] ScreenSaver inhibit: true dbus message from  (owner: :1.27) with content Playing audio
[LOG] Inhibit locks: 2
[LOG] Cookie 1383 sent
[LOG] ScreenSaver inhibit: false dbus message from  (owner: :1.27) with content Playing video
[LOG] Inhibit locks: 1
[LOG] ScreenSaver inhibit: false dbus message from  (owner: :1.27) with content Playing audio
[LOG] Inhibit locks: 0
[LOG] ScreenSaver inhibit: true dbus message from  (owner: :1.27) with content Playing video
[LOG] Inhibit locks: 1
[LOG] Cookie 1384 sent
[LOG] ScreenSaver inhibit: true dbus message from  (owner: :1.27) with content Playing audio
[LOG] Inhibit locks: 2
[LOG] Cookie 1385 sent
[LOG] ScreenSaver inhibit: false dbus message from  (owner: :1.27) with content Playing video
[LOG] Inhibit locks: 1
[LOG] ScreenSaver inhibit: false dbus message from  (owner: :1.27) with content Playing audio
[LOG] Inhibit locks: 0
[CRITICAL] [core] Disconnected from pollfd id 1
